Component: ARM Compiler 5.06 update 5 (build 528) Tool: armlink [4d35e2]

==============================================================================

Section Cross References

    main.o(.text) refers to usart.o(.text) for uart_init
    main.o(.text) refers to oled.o(.text) for OLED_Init
    main.o(.text) refers to myrtc.o(.text) for MyRTC_Init
    main.o(.text) refers to countsensor.o(.text) for CountSensor_Init
    main.o(.text) refers to delay.o(.text) for delay_init
    main.o(.text) refers to sys.o(.text) for NVIC_Configuration
    main.o(.text) refers to exfuns.o(.text) for exfuns_init
    main.o(.text) refers to malloc.o(.text) for mem_init
    main.o(.text) refers to sd.o(.text) for sd_initialize
    main.o(.text) refers to led.o(.text) for LED_Init
    main.o(.text) refers to bc26.o(.text) for BC26_Init
    main.o(.text) refers to timer.o(.text) for Timer_Init
    main.o(.text) refers to serial.o(.text) for Serial_Init
    main.o(.text) refers to stm32f10x_iwdg.o(.text) for IWDG_WriteAccessCmd
    main.o(.text) refers to kalman.o(.text) for KalmanFilter_Init
    main.o(.text) refers to stm32f10x_bkp.o(.text) for BKP_ReadBackupRegister
    main.o(.text) refers to fflti.o(.text) for __aeabi_i2f
    main.o(.text) refers to fdiv.o(.text) for __aeabi_fdiv
    main.o(.text) refers to ffltui.o(.text) for __aeabi_ui2f
    main.o(.text) refers to f2d.o(.text) for __aeabi_f2d
    main.o(.text) refers to dmul.o(.text) for __aeabi_dmul
    main.o(.text) refers to d2f.o(.text) for __aeabi_d2f
    main.o(.text) refers to main.o(.data) for R
    main.o(.text) refers to main.o(.bss) for kf1
    main.o(.text) refers to myrtc.o(.data) for MyRTC_Time
    main.o(.text) refers to dfltui.o(.text) for __aeabi_ui2d
    main.o(.text) refers to data.o(.text) for data_oled
    main.o(.text) refers to stm32f10x_tim.o(.text) for TIM_GetITStatus
    system_stm32f10x.o(.text) refers to system_stm32f10x.o(.data) for SystemCoreClock
    rs485.o(.text) refers to stm32f10x_usart.o(.text) for USART_SendData
    modbus.o(.text) refers to modbus_crc.o(.text) for Modbus_CRC16
    modbus.o(.text) refers to rs485.o(.text) for Modbus_Send_Byte
    modbus.o(.text) refers to modbus.o(.bss) for modbus
    modbus.o(.text) refers to modbus.o(.data) for Reg
    modbus.o(.text) refers to oled.o(.text) for OLED_ShowNum
    modbus.o(.text) refers to fflti.o(.text) for __aeabi_i2f
    modbus.o(.text) refers to dflti.o(.text) for __aeabi_i2d
    modbus.o(.text) refers to dmul.o(.text) for __aeabi_dmul
    modbus.o(.text) refers to d2f.o(.text) for __aeabi_d2f
    modbus.o(.text) refers to dadd.o(.text) for __aeabi_dsub
    modbus.o(.text) refers to delay.o(.text) for delay_ms
    modbus.o(.text) refers to main.o(.bss) for data
    modbus_crc.o(.text) refers to modbus_crc.o(.constdata) for auchCRCHi
    modbus_timer.o(.text) refers to stm32f10x_rcc.o(.text) for RCC_APB1PeriphClockCmd
    modbus_timer.o(.text) refers to stm32f10x_tim.o(.text) for TIM_TimeBaseInit
    modbus_timer.o(.text) refers to misc.o(.text) for NVIC_Init
    modbus_timer.o(.text) refers to modbus.o(.bss) for modbus
    oled.o(.text) refers to stm32f10x_rcc.o(.text) for RCC_APB2PeriphClockCmd
    oled.o(.text) refers to stm32f10x_gpio.o(.text) for GPIO_Init
    oled.o(.text) refers to oled.o(.constdata) for OLED_F8x16
    countsensor.o(.text) refers to stm32f10x_bkp.o(.text) for BKP_ReadBackupRegister
    countsensor.o(.text) refers to stm32f10x_rcc.o(.text) for RCC_APB2PeriphClockCmd
    countsensor.o(.text) refers to stm32f10x_gpio.o(.text) for GPIO_Init
    countsensor.o(.text) refers to stm32f10x_exti.o(.text) for EXTI_Init
    countsensor.o(.text) refers to misc.o(.text) for NVIC_PriorityGroupConfig
    countsensor.o(.text) refers to delay.o(.text) for delay_ms
    countsensor.o(.text) refers to printfa.o(i.__0sprintf) for __2sprintf
    countsensor.o(.text) refers to countsensor.o(.data) for CountSensor_Count
    countsensor.o(.text) refers to main.o(.data) for oled_flag
    countsensor.o(.text) refers to countsensor.o(.bss) for str
    bc26.o(.text) refers to delay.o(.text) for delay_ms
    bc26.o(.text) refers to memseta.o(.text) for __aeabi_memclr4
    bc26.o(.text) refers to usart.o(.text) for Uart3_SendStr
    bc26.o(.text) refers to strstr.o(.text) for strstr
    bc26.o(.text) refers to oled.o(.text) for OLED_ShowString
    bc26.o(.text) refers to printfa.o(i.__0sprintf) for __2sprintf
    bc26.o(.text) refers to stm32f10x_gpio.o(.text) for GPIO_SetBits
    bc26.o(.text) refers to usart.o(.bss) for buf_uart3
    bc26.o(.text) refers to bc26.o(.data) for err
    bc26.o(.text) refers to bc26.o(.bss) for atstr
    bc26.o(.text) refers to bc26.o(.conststring) for .conststring
    bc26.o(.text) refers to f2d.o(.text) for __aeabi_f2d
    bc26.o(.text) refers to main.o(.bss) for data
    led.o(.text) refers to stm32f10x_rcc.o(.text) for RCC_APB2PeriphClockCmd
    led.o(.text) refers to stm32f10x_gpio.o(.text) for GPIO_Init
    sd.o(.text) refers to ff.o(.text) for f_mount
[...]
    mem_cpy                                  0x080058a1   Thumb Code    26  ff.o(.text)
    mem_set                                  0x080058bb   Thumb Code    20  ff.o(.text)
    mem_cmp                                  0x080058cf   Thumb Code    38  ff.o(.text)
    chk_chr                                  0x080058f5   Thumb Code    20  ff.o(.text)
    sync_window                              0x08005909   Thumb Code    76  ff.o(.text)
    move_window                              0x08005955   Thumb Code    50  ff.o(.text)
    sync_fs                                  0x08005987   Thumb Code   200  ff.o(.text)
    remove_chain                             0x08005c87   Thumb Code   108  ff.o(.text)
    create_chain                             0x08005cf3   Thumb Code   214  ff.o(.text)
    clmt_clust                               0x08005dc9   Thumb Code    50  ff.o(.text)
    dir_sdi                                  0x08005dfb   Thumb Code   158  ff.o(.text)
    dir_next                                 0x08005e99   Thumb Code   272  ff.o(.text)
    dir_alloc                                0x08005fa9   Thumb Code    92  ff.o(.text)
    ld_clust                                 0x08006005   Thumb Code    32  ff.o(.text)
    st_clust                                 0x08006025   Thumb Code    16  ff.o(.text)
    dir_find                                 0x08006035   Thumb Code    92  ff.o(.text)
    dir_read                                 0x08006091   Thumb Code   110  ff.o(.text)
    dir_register                             0x080060ff   Thumb Code    58  ff.o(.text)
    dir_remove                               0x08006139   Thumb Code    54  ff.o(.text)
    get_fileinfo                             0x0800616f   Thumb Code   112  ff.o(.text)
    create_name                              0x080061df   Thumb Code   262  ff.o(.text)
    follow_path                              0x080062e5   Thumb Code   144  ff.o(.text)
    get_ldnumber                             0x08006375   Thumb Code    74  ff.o(.text)
    check_fs                                 0x080063bf   Thumb Code   140  ff.o(.text)
    find_volume                              0x0800644b   Thumb Code   912  ff.o(.text)
    validate                                 0x080067db   Thumb Code    54  ff.o(.text)
    putc_bfd                                 0x0800802d   Thumb Code    68  ff.o(.text)
    .text                                    0x0800839c   Section        0  malloc.o(.text)
    .text                                    0x0800853c   Section        0  mktime.o(.text)
    .text                                    0x080085e4   Section        0  memcpya.o(.text)
    .text                                    0x08008608   Section        0  memseta.o(.text)
    .text                                    0x0800862c   Section        0  strcat.o(.text)
    .text                                    0x08008644   Section        0  strstr.o(.text)
    .text                                    0x08008668   Section        0  strlen.o(.text)
    .text                                    0x08008676   Section        0  strcmp.o(.text)
    .text                                    0x08008692   Section        0  strcpy.o(.text)
    .text                                    0x080086a4   Section        0  fdiv.o(.text)
    .text                                    0x08008720   Section        0  dadd.o(.text)
    .text                                    0x0800886e   Section        0  dmul.o(.text)
    .text                                    0x08008952   Section        0  ddiv.o(.text)
    .text                                    0x08008a30   Section        0  fflti.o(.text)
    .text                                    0x08008a42   Section        0  ffltui.o(.text)
    .text                                    0x08008a4c   Section        0  dfltui.o(.text)
    .text                                    0x08008a66   Section        0  f2d.o(.text)
    .text                                    0x08008a8c   Section        0  d2f.o(.text)
    .text                                    0x08008ac4   Section        0  uidiv.o(.text)
    .text                                    0x08008af0   Section        0  uldiv.o(.text)
    .text                                    0x08008b52   Section        0  llshl.o(.text)
    .text                                    0x08008b70   Section        0  llsshr.o(.text)
    .text                                    0x08008b94   Section        0  localtime_w.o(.text)
    .text                                    0x08008ba0   Section        0  localtime_i.o(.text)
    .text                                    0x08008c2c   Section        0  iusefp.o(.text)
    .text                                    0x08008c2c   Section        0  fepilogue.o(.text)
    .text                                    0x08008c9a   Section        0  depilogue.o(.text)
    .text                                    0x08008d54   Section        0  dfixul.o(.text)
    .text                                    0x08008d84   Section       48  cdrcmple.o(.text)
    .text                                    0x08008db4   Section       36  init.o(.text)
    .text                                    0x08008dd8   Section        0  llushr.o(.text)
    .text                                    0x08008df8   Section        0  __dczerorl2.o(.text)
    i.__0sprintf                             0x08008e50   Section        0  printfa.o(i.__0sprintf)
    i.__0vsprintf                            0x08008e78   Section        0  printfa.o(i.__0vsprintf)
    i.__scatterload_copy                     0x08008e9c   Section       14  handlers.o(i.__scatterload_copy)
    i.__scatterload_null                     0x08008eaa   Section        2  handlers.o(i.__scatterload_null)
    i.__scatterload_zeroinit                 0x08008eac   Section       14  handlers.o(i.__scatterload_zeroinit)
    i._fp_digits                             0x08008ebc   Section        0  printfa.o(i._fp_digits)
    _fp_digits                               0x08008ebd   Thumb Code   366  printfa.o(i._fp_digits)
    i._printf_core                           0x08009040   Section        0  printfa.o(i._printf_core)
    _printf_core                             0x08009041   Thumb Code  1744  printfa.o(i._printf_core)
    i._printf_post_padding                   0x0800971c   Section        0  printfa.o(i._printf_post_padding)
    _printf_post_padding                     0x0800971d   Thumb Code    36  printfa.o(i._printf_post_padding)
    i._printf_pre_padding                    0x08009740   Section        0  printfa.o(i._printf_pre_padding)
    _printf_pre_padding                      0x08009741   Thumb Code    46  printfa.o(i._printf_pre_padding)
    i._sputc                                 0x0800976e   Section        0  printfa.o(i._sputc)
    _sputc                                   0x0800976f   Thumb Code    10  printfa.o(i._sputc)
    .constdata                               0x08009778   Section     1520  oled.o(.constdata)
    .constdata                               0x08009d68   Section       44  ff.o(.constdata)
    vst                                      0x08009d68   Data          22  ff.o(.constdata)
    cst                                      0x08009d7e   Data          22  ff.o(.constdata)
    .constdata                               0x08009d94   Section       12  mktime.o(.constdata)
    monlen                                   0x08009d94   Data          12  mktime.o(.constdata)
    .constdata                               0x08009da0   Section       12  localtime_i.o(.constdata)
    monlen                                   0x08009da0   Data          12  localtime_i.o(.constdata)
    .conststring                             0x08009dac   Section     1105  bc26.o(.conststring)
    .conststring                             0x0800a200   Section      190  sd.o(.conststring)
    .conststring                             0x0800a2c0   Section      100  exfuns.o(.conststring)
    .data                                    0x20000000   Section       88  main.o(.data)
    .data                                    0x20000058   Section       20  system_stm32f10x.o(.data)
    .data                                    0x2000006c   Section        2  countsensor.o(.data)
    .data                                    0x20000070   Section       20  bc26.o(.data)
    .data                                    0x20000084   Section        1  mmc_sd.o(.data)
    .data                                    0x20000085   Section        2  serial.o(.data)
    .data                                    0x20000088   Section        4  delay.o(.data)
    fac_us                                   0x20000088   Data           1  delay.o(.data)
    fac_ms                                   0x2000008a   Data           2  delay.o(.data)
    .data                                    0x2000008c   Section       12  myrtc.o(.data)
    .data                                    0x20000098   Section       20  stm32f10x_rcc.o(.data)
    APBAHBPrescTable                         0x20000098   Data          16  stm32f10x_rcc.o(.data)
    ADCPrescTable                            0x200000a8   Data           4  stm32f10x_rcc.o(.data)
    .data                                    0x200000ac   Section      340  exfuns.o(.data)
    .data                                    0x20000200   Section        2  diskio.o(.data)
    .data                                    0x20000204   Section       10  ff.o(.data)
    FatFs                                    0x20000204   Data           8  ff.o(.data)
    Fsid                                     0x2000020c   Data           2  ff.o(.data)
    .data                                    0x20000210   Section       20  malloc.o(.data)
    .bss                                     0x20000228   Section      896  main.o(.bss)
    .bss                                     0x200005a8   Section      224  modbus.o(.bss)
    .bss                                     0x20000688   Section       10  countsensor.o(.bss)
    .bss                                     0x20000692   Section     1403  bc26.o(.bss)
    .bss                                     0x20000c0e   Section       18  spi.o(.bss)
    .bss                                     0x20000c20   Section       10  data.o(.bss)
    .bss                                     0x20000c2c   Section      812  usart.o(.bss)
    .bss                                     0x20000f58   Section    10880  malloc.o(.bss)
    .bss                                     0x200039d8   Section       44  localtime_w.o(.bss)
    _tms                                     0x200039d8   Data          44  localtime_w.o(.bss)
    STACK                                    0x20003a08   Section     1024  startup_stm32f10x_md.o(STACK)

    Global Symbols

    Symbol Name                              Value     Ov Type        Size  Object(Section)

    BuildAttributes$$THM_ISAv4$P$D$K$B$S$PE$A:L22UL41UL21$X:L11$S22US41US21$IEEE1$IW$USESV6$~STKCKD$USESV7$~SHL$OTIME$ROPI$EBA8$MICROLIB$REQ8$PRES8$EABIv2 0x00000000   Number         0  anon$$obj.o ABSOLUTE
    __ARM_use_no_argv                        0x00000000   Number         0  main.o ABSOLUTE
    __use_no_errno                           0x00000000   Number         0  useno.o ABSOLUTE
    __use_no_exception_handling              0x00000000   Number         0  useno.o ABSOLUTE
    __use_no_fp                              0x00000000   Number         0  useno.o ABSOLUTE
    __use_no_heap                            0x00000000   Number         0  useno.o ABSOLUTE
    __use_no_heap_region                     0x00000000   Number         0  useno.o ABSOLUTE
    __use_no_semihosting                     0x00000000   Number         0  useno.o ABSOLUTE
    __use_no_semihosting_swi                 0x00000000   Number         0  useno.o ABSOLUTE
    __use_no_signal_handling                 0x00000000   Number         0  useno.o ABSOLUTE
    _printf_a                                0x00000000   Number         0  stubs.o ABSOLUTE
    _printf_c                                0x00000000   Number         0  stubs.o ABSOLUTE
    _printf_charcount                        0x00000000   Number         0  stubs.o ABSOLUTE
    _printf_d                                0x00000000   Number         0  stubs.o ABSOLUTE
    _printf_e                                0x00000000   Number         0  stubs.o ABSOLUTE
    _printf_f                                0x00000000   Number         0  stubs.o ABSOLUTE
    _printf_flags                            0x00000000   Number         0  stubs.o ABSOLUTE
    _printf_fp_dec                           0x00000000   Number         0  stubs.o ABSOLUTE
    _printf_fp_hex                           0x00000000   Number         0  stubs.o ABSOLUTE
    _printf_g                                0x00000000   Number         0  stubs.o ABSOLUTE
    _printf_i                                0x00000000   Number         0  stubs.o ABSOLUTE
    _printf_int_dec                          0x00000000   Number         0  stubs.o ABSOLUTE
    _printf_l                                0x00000000   Number         0  stubs.o ABSOLUTE
    _printf_lc                               0x00000000   Number         0  stubs.o ABSOLUTE
    _printf_ll                               0x00000000   Number         0  stubs.o ABSOLUTE
    _printf_lld                              0x00000000   Number         0  stubs.o ABSOLUTE
    _printf_lli                              0x00000000   Number         0  stubs.o ABSOLUTE
    _printf_llo                              0x00000000   Number         0  stubs.o ABSOLUTE
    _printf_llu                              0x00000000   Number         0  stubs.o ABSOLUTE
    _printf_llx                              0x00000000   Number         0  stubs.o ABSOLUTE
    _printf_longlong_dec                     0x00000000   Number         0  stubs.o ABSOLUTE
    _printf_longlong_hex                     0x00000000   Number         0  stubs.o ABSOLUTE
    _printf_longlong_oct                     0x00000000   Number         0  stubs.o ABSOLUTE
    _printf_ls                               0x00000000   Number         0  stubs.o ABSOLUTE
    _printf_mbtowc                           0x00000000   Number         0  stubs.o ABSOLUTE
    _printf_n                                0x00000000   Number         0  stubs.o ABSOLUTE
    _printf_o                                0x00000000   Number         0  stubs.o ABSOLUTE
    _printf_p                                0x00000000   Number         0  stubs.o ABSOLUTE
    _printf_percent                          0x00000000   Number         0  stubs.o ABSOLUTE
    _printf_pre_padding                      0x00000000   Number         0  stubs.o ABSOLUTE
    _printf_return_value                     0x00000000   Number         0  stubs.o ABSOLUTE
    _printf_s                                0x00000000   Number         0  stubs.o ABSOLUTE
    _printf_sizespec                         0x00000000   Number         0  stubs.o ABSOLUTE
    _printf_str                              0x00000000   Number         0  stubs.o ABSOLUTE
    _printf_truncate_signed                  0x00000000   Number         0  stubs.o ABSOLUTE
    _printf_truncate_unsigned                0x00000000   Number         0  stubs.o ABSOLUTE
    _printf_u                                0x00000000   Number         0  stubs.o ABSOLUTE
    _printf_wc                               0x00000000   Number         0  stubs.o ABSOLUTE
    _printf_wctomb                           0x00000000   Number         0  stubs.o ABSOLUTE
    _printf_widthprec                        0x00000000   Number         0  stubs.o ABSOLUTE
    _printf_x                                0x00000000   Number         0  stubs.o ABSOLUTE
    __cpp_initialize__aeabi_                  - Undefined Weak Reference
    __cxa_finalize                            - Undefined Weak Reference
    _clock_init                               - Undefined Weak Reference
    _microlib_exit                            - Undefined Weak Reference
    __Vectors_Size                           0x000000ec   Number         0  startup_stm32f10x_md.o ABSOLUTE
    __Vectors                                0x08000000   Data           4  startup_stm32f10x_md.o(RESET)
    __Vectors_End                            0x080000ec   Data           0  startup_stm32f10x_md.o(RESET)
    __main                                   0x080000ed   Thumb Code     0  entry.o(.ARM.Collect$$$$00000000)
    _main_stk                                0x080000ed   Thumb Code     0  entry2.o(.ARM.Collect$$$$00000001)
    _main_scatterload                        0x080000f1   Thumb Code     0  entry5.o(.ARM.Collect$$$$00000004)
    __main_after_scatterload                 0x080000f5   Thumb Code     0  entry5.o(.ARM.Collect$$$$00000004)
    _main_clock                              0x080000f5   Thumb Code     0  entry7b.o(.ARM.Collect$$$$00000008)
    _main_cpp_init                           0x080000f5   Thumb Code     0  entry8b.o(.ARM.Collect$$$$0000000A)
    _main_init                               0x080000f5   Thumb Code     0  entry9a.o(.ARM.Collect$$$$0000000B)
    __rt_final_cpp                           0x080000fd   Thumb Code     0  entry10a.o(.ARM.Collect$$$$0000000D)
    __rt_final_exit                          0x080000fd   Thumb Code     0  entry11a.o(.ARM.Collect$$$$0000000F)
    main                                     0x08000101   Thumb Code  1630  main.o(.text)
    TIM2_IRQHandler                          0x0800075f   Thumb Code    94  main.o(.text)
    NMI_Handler                              0x080007ed   Thumb Code     2  stm32f10x_it.o(.text)
    HardFault_Handler                        0x080007ef   Thumb Code     4  stm32f10x_it.o(.text)
    MemManage_Handler                        0x080007f3   Thumb Code     4  stm32f10x_it.o(.text)
    BusFault_Handler                         0x080007f7   Thumb Code     4  stm32f10x_it.o(.text)
    UsageFault_Handler                       0x080007fb   Thumb Code     4  stm32f10x_it.o(.text)
    SVC_Handler                              0x080007ff   Thumb Code     2  stm32f10x_it.o(.text)
    DebugMon_Handler                         0x08000801   Thumb Code     2  stm32f10x_it.o(.text)
    PendSV_Handler                           0x08000803   Thumb Code     2  stm32f10x_it.o(.text)
    SysTick_Handler                          0x08000805   Thumb Code     2  stm32f10x_it.o(.text)
    SystemInit                               0x080008e7   Thumb Code    78  system_stm32f10x.o(.text)
    SystemCoreClockUpdate                    0x08000935   Thumb Code   142  system_stm32f10x.o(.text)
    Modbus_TIME3_Init                        0x080009e9   Thumb Code    90  modbus_timer.o(.text)
    TIM3_IRQHandler                          0x08000a43   Thumb Code    98  modbus_timer.o(.text)
    OLED_I2C_Init                            0x08000aad   Thumb Code    76  oled.o(.text)
    OLED_I2C_Start                           0x08000af9   Thumb Code    48  oled.o(.text)
    OLED_I2C_Stop                            0x08000b29   Thumb Code    36  oled.o(.text)
    OLED_I2C_SendByte                        0x08000b4d   Thumb Code    80  oled.o(.text)
    OLED_WriteCommand                        0x08000b9d   Thumb Code    32  oled.o(.text)
    OLED_WriteData                           0x08000bbd   Thumb Code    32  oled.o(.text)
    OLED_SetCursor                           0x08000bdd   Thumb Code    34  oled.o(.text)
    OLED_Clear                               0x08000bff   Thumb Code    42  oled.o(.text)
    OLED_Clear_half_up                       0x08000c29   Thumb Code    42  oled.o(.text)
    OLED_ShowChar                            0x08000c53   Thumb Code   110  oled.o(.text)
    OLED_ShowString                          0x08000cc1   Thumb Code    40  oled.o(.text)
    OLED_Pow                                 0x08000ce9   Thumb Code    20  oled.o(.text)
    OLED_ShowNum                             0x08000cfd   Thumb Code    68  oled.o(.text)
    OLED_ShowSignedNum                       0x08000d41   Thumb Code   102  oled.o(.text)
    OLED_ShowHexNum                          0x08000da7   Thumb Code    84  oled.o(.text)
    OLED_ShowBinNum                          0x08000dfb   Thumb Code    62  oled.o(.text)
    OLED_Init                                0x08000e39   Thumb Code   186  oled.o(.text)
    CountSensor_Init                         0x08000ef5   Thumb Code   144  countsensor.o(.text)
    CountSensor_Get                          0x08000f85   Thumb Code     6  countsensor.o(.text)
    Data_Oled_Init                           0x08000f8b   Thumb Code   122  countsensor.o(.text)
    EXTI15_10_IRQHandler                     0x08001005   Thumb Code   140  countsensor.o(.text)
    Clear_Buffer                             0x080010a9   Thumb Code    30  bc26.o(.text)
    BC26_Init                                0x080010c7   Thumb Code   496  bc26.o(.text)
    BC26_PDPACT                              0x080012b7   Thumb Code   138  bc26.o(.text)
    BC26_RegALIYUNIOT                        0x08001341   Thumb Code   974  bc26.o(.text)
    BC26_ALYIOTSenddata_Light                0x0800170f   Thumb Code    88  bc26.o(.text)
    BC26_ALYIOTSenddata_UVI                  0x08001767   Thumb Code    88  bc26.o(.text)
    BC26_ALYIOTSenddata_Temp                 0x080017bf   Thumb Code    88  bc26.o(.text)
    BC26_ALYIOTSenddata_Humi                 0x08001817   Thumb Code    88  bc26.o(.text)
    BC26_ALYIOTSenddata_Wind_speed           0x0800186f   Thumb Code    88  bc26.o(.text)
    BC26_ALYIOTSenddata_Gust_speed           0x080018c7   Thumb Code    88  bc26.o(.text)
    BC26_ALYIOTSenddata_Wind_direction       0x0800191f   Thumb Code    88  bc26.o(.text)
    BC26_ALYIOTSenddata_Rainfall_M           0x08001977   Thumb Code    88  bc26.o(.text)
    BC26_ALYIOTSenddata_Rainfall_F           0x080019cf   Thumb Code    88  bc26.o(.text)
    BC26_ALYIOTSenddata_Pressure             0x08001a27   Thumb Code   206  bc26.o(.text)
    BC26_ALYIOTSenddata_K_Pressure           0x08001af5   Thumb Code    92  bc26.o(.text)
    BC26_ALYIOTSenddata_K_Ligth              0x08001b51   Thumb Code    92  bc26.o(.text)
    BC26_ALYIOTSenddata_K_UVI                0x08001bad   Thumb Code    92  bc26.o(.text)
    BC26_DATA                                0x08001c09   Thumb Code   374  bc26.o(.text)
    ITO_GetCmdData_Deal                      0x08001d7f   Thumb Code    38  bc26.o(.text)
    LED_Init                                 0x08001e15   Thumb Code    76  led.o(.text)
    BC26CTR_Init                             0x08001e61   Thumb Code    38  led.o(.text)
    sd_initialize                            0x08001e95   Thumb Code   116  sd.o(.text)
    sd_write                                 0x08001f09   Thumb Code   194  sd.o(.text)
    SD_SPI_ReadWriteByte                     0x08001ff9   Thumb Code    12  mmc_sd.o(.text)
    SD_SPI_SpeedLow                          0x08002005   Thumb Code    10  mmc_sd.o(.text)
    SD_SPI_SpeedHigh                         0x0800200f   Thumb Code    10  mmc_sd.o(.text)
    SD_SPI_Init                              0x08002019   Thumb Code    56  mmc_sd.o(.text)
    SD_DisSelect                             0x08002051   Thumb Code    16  mmc_sd.o(.text)
    SD_WaitReady                             0x08002061   Thumb Code    32  mmc_sd.o(.text)
    SD_Select                                0x08002081   Thumb Code    26  mmc_sd.o(.text)
    SD_GetResponse                           0x0800209b   Thumb Code    38  mmc_sd.o(.text)
    SD_RecvData                              0x080020c1   Thumb Code    56  mmc_sd.o(.text)
    SD_SendBlock                             0x080020f9   Thumb Code    82  mmc_sd.o(.text)
    SD_SendCmd                               0x0800214b   Thumb Code   120  mmc_sd.o(.text)
    SD_GetCID                                0x080021c3   Thumb Code    42  mmc_sd.o(.text)
    SD_GetCSD                                0x080021ed   Thumb Code    42  mmc_sd.o(.text)
    SD_GetSectorCount                        0x08002217   Thumb Code   118  mmc_sd.o(.text)
    SD_Initialize                            0x0800228d   Thumb Code   386  mmc_sd.o(.text)
    SD_ReadDisk                              0x0800240f   Thumb Code   132  mmc_sd.o(.text)
    SD_WriteDisk                             0x08002493   Thumb Code   140  mmc_sd.o(.text)
    SPI1_ReadWriteByte                       0x08002525   Thumb Code    78  spi.o(.text)
    SPI1_Init                                0x08002573   Thumb Code   108  spi.o(.text)
    SPI1_SetSpeed                            0x080025df   Thumb Code    26  spi.o(.text)
    data_str                                 0x08002605   Thumb Code   616  data.o(.text)
    data_oled                                0x0800286d   Thumb Code   696  data.o(.text)
    Timer_Init                               0x08002b49   Thumb Code   126  timer.o(.text)
    Serial_Init                              0x08002bc9   Thumb Code   170  serial.o(.text)
    Serial_SendByte                          0x08002c73   Thumb Code    28  serial.o(.text)
    Serial_SendArray                         0x08002c8f   Thumb Code    26  serial.o(.text)
    Serial_SendString                        0x08002ca9   Thumb Code    26  serial.o(.text)
    Serial_Pow                               0x08002cc3   Thumb Code    20  serial.o(.text)
    Serial_SendNumber                        0x08002cd7   Thumb Code    58  serial.o(.text)
    fputc                                    0x08002d11   Thumb Code    16  serial.o(.text)
    Serial_Printf                            0x08002d21   Thumb Code    36  serial.o(.text)
    Serial_GetRxFlag                         0x08002d45   Thumb Code    22  serial.o(.text)
    Serial_GetRxData                         0x08002d5b   Thumb Code     6  serial.o(.text)
    USART2_IRQHandler                        0x08002d61   Thumb Code    68  serial.o(.text)
    KalmanFilter_Init                        0x08002dbd   Thumb Code    42  kalman.o(.text)
    KalmanFilter_Update                      0x08002de7   Thumb Code   152  kalman.o(.text)
    delay_init                               0x08002e85   Thumb Code    50  delay.o(.text)
    delay_us                                 0x08002eb7   Thumb Code    72  delay.o(.text)
    delay_ms                                 0x08002eff   Thumb Code    72  delay.o(.text)
    NVIC_Configuration                       0x08002f59   Thumb Code    12  sys.o(.text)
    fgetc                                    0x08002f65   Thumb Code    26  usart.o(.text)
    _sys_exit                                0x08002f7f   Thumb Code     4  usart.o(.text)
    usart_SendByte                           0x08002f83   Thumb Code    28  usart.o(.text)
    usart_SendArray                          0x08002f9f   Thumb Code    26  usart.o(.text)
    usart_SendString                         0x08002fb9   Thumb Code    36  usart.o(.text)
    usart_printf                             0x08002fdd   Thumb Code    36  usart.o(.text)
    uart_init                                0x08003001   Thumb Code   158  usart.o(.text)
    Usart_SendByte                           0x0800309f   Thumb Code    30  usart.o(.text)
    Usart_SendHalfWord                       0x080030bd   Thumb Code    60  usart.o(.text)
    Usart_SendArray                          0x080030f9   Thumb Code    46  usart.o(.text)
    Usart_SendStr                            0x08003127   Thumb Code    44  usart.o(.text)
    UART1_send_byte                          0x08003153   Thumb Code    28  usart.o(.text)
    UART2_send_byte                          0x0800316f   Thumb Code    28  usart.o(.text)
    UART3_send_byte                          0x0800318b   Thumb Code    28  usart.o(.text)
    uart3_init                               0x080031a7   Thumb Code   164  usart.o(.text)
    Uart1_SendStr                            0x0800324b   Thumb Code    34  usart.o(.text)
    Uart2_SendStr                            0x0800326d   Thumb Code    34  usart.o(.text)
    Uart3_SendStr                            0x0800328f   Thumb Code    34  usart.o(.text)
    nbiot_receive_process_event              0x080032b1   Thumb Code    44  usart.o(.text)
    USART3_IRQHandler                        0x080032dd   Thumb Code    30  usart.o(.text)
    MyRTC_SetTime                            0x08003315   Thumb Code    70  myrtc.o(.text)
    MyRTC_Init                               0x0800335b   Thumb Code   114  myrtc.o(.text)
    MyRTC_ReadTime                           0x080033cd   Thumb Code    68  myrtc.o(.text)
    Reset_Handler                            0x08003415   Thumb Code     8  startup_stm32f10x_md.o(.text)
    ADC1_2_IRQHandler                        0x0800342f   Thumb Code     0  startup_stm32f10x_md.o(.text)
    CAN1_RX1_IRQHandler                      0x0800342f   Thumb Code     0  startup_stm32f10x_md.o(.text)
    CAN1_SCE_IRQHandler                      0x0800342f   Thumb Code     0  startup_stm32f10x_md.o(.text)
    DMA1_Channel1_IRQHandler                 0x0800342f   Thumb Code     0  startup_stm32f10x_md.o(.text)
    DMA1_Channel2_IRQHandler                 0x0800342f   Thumb Code     0  startup_stm32f10x_md.o(.text)
    DMA1_Channel3_IRQHandler                 0x0800342f   Thumb Code     0  startup_stm32f10x_md.o(.text)
    DMA1_Channel4_IRQHandler                 0x0800342f   Thumb Code     0  startup_stm32f10x_md.o(.text)
    DMA1_Channel5_IRQHandler                 0x0800342f   Thumb Code     0  startup_stm32f10x_md.o(.text)
    DMA1_Channel6_IRQHandler                 0x0800342f   Thumb Code     0  startup_stm32f10x_md.o(.text)
    DMA1_Channel7_IRQHandler                 0x0800342f   Thumb Code     0  startup_stm32f10x_md.o(.text)
    EXTI0_IRQHandler                         0x0800342f   Thumb Code     0  startup_stm32f10x_md.o(.text)
    EXTI1_IRQHandler                         0x0800342f   Thumb Code     0  startup_stm32f10x_md.o(.text)
    EXTI2_IRQHandler                         0x0800342f   Thumb Code     0  startup_stm32f10x_md.o(.text)
    EXTI3_IRQHandler                         0x0800342f   Thumb Code     0  startup_stm32f10x_md.o(.text)
    EXTI4_IRQHandler                         0x0800342f   Thumb Code     0  startup_stm32f10x_md.o(.text)
    EXTI9_5_IRQHandler                       0x0800342f   Thumb Code     0  startup_stm32f10x_md.o(.text)
    FLASH_IRQHandler                         0x0800342f   Thumb Code     0  startup_stm32f10x_md.o(.text)
    I2C1_ER_IRQHandler                       0x0800342f   Thumb Code     0  startup_stm32f10x_md.o(.text)
    I2C1_EV_IRQHandler                       0x0800342f   Thumb Code     0  startup_stm32f10x_md.o(.text)
    I2C2_ER_IRQHandler                       0x0800342f   Thumb Code     0  startup_stm32f10x_md.o(.text)
    I2C2_EV_IRQHandler                       0x0800342f   Thumb Code     0  startup_stm32f10x_md.o(.text)
    PVD_IRQHandler                           0x0800342f   Thumb Code     0  startup_stm32f10x_md.o(.text)
    RCC_IRQHandler                           0x0800342f   Thumb Code     0  startup_stm32f10x_md.o(.text)
    RTCAlarm_IRQHandler                      0x0800342f   Thumb Code     0  startup_stm32f10x_md.o(.text)
    RTC_IRQHandler                           0x0800342f   Thumb Code     0  startup_stm32f10x_md.o(.text)
    SPI1_IRQHandler                          0x0800342f   Thumb Code     0  startup_stm32f10x_md.o(.text)
    SPI2_IRQHandler                          0x0800342f   Thumb Code     0  startup_stm32f10x_md.o(.text)
    TAMPER_IRQHandler                        0x0800342f   Thumb Code     0  startup_stm32f10x_md.o(.text)
    TIM1_BRK_IRQHandler                      0x0800342f   Thumb Code     0  startup_stm32f10x_md.o(.text)
    TIM1_CC_IRQHandler                       0x0800342f   Thumb Code     0  startup_stm32f10x_md.o(.text)
    TIM1_TRG_COM_IRQHandler                  0x0800342f   Thumb Code     0  startup_stm32f10x_md.o(.text)
    TIM1_UP_IRQHandler                       0x0800342f   Thumb Code     0  startup_stm32f10x_md.o(.text)
    TIM4_IRQHandler                          0x0800342f   Thumb Code     0  startup_stm32f10x_md.o(.text)
    USART1_IRQHandler                        0x0800342f   Thumb Code     0  startup_stm32f10x_md.o(.text)
    USBWakeUp_IRQHandler                     0x0800342f   Thumb Code     0  startup_stm32f10x_md.o(.text)
    USB_HP_CAN1_TX_IRQHandler                0x0800342f   Thumb Code     0  startup_stm32f10x_md.o(.text)
    USB_LP_CAN1_RX0_IRQHandler               0x0800342f   Thumb Code     0  startup_stm32f10x_md.o(.text)
    WWDG_IRQHandler                          0x0800342f   Thumb Code     0  startup_stm32f10x_md.o(.text)
    NVIC_PriorityGroupConfig                 0x08003439   Thumb Code    10  misc.o(.text)
    NVIC_Init                                0x08003443   Thumb Code   100  misc.o(.text)
    NVIC_SetVectorTable                      0x080034a7   Thumb Code    14  misc.o(.text)
    NVIC_SystemLPConfig                      0x080034b5   Thumb Code    34  misc.o(.text)
    SysTick_CLKSourceConfig                  0x080034d7   Thumb Code    40  misc.o(.text)
    BKP_DeInit                               0x08003515   Thumb Code    16  stm32f10x_bkp.o(.text)
    BKP_TamperPinLevelConfig                 0x08003525   Thumb Code     6  stm32f10x_bkp.o(.text)
    BKP_TamperPinCmd                         0x0800352b   Thumb Code     8  stm32f10x_bkp.o(.text)
    BKP_ITConfig                             0x08003533   Thumb Code     8  stm32f10x_bkp.o(.text)
    BKP_RTCOutputConfig                      0x0800353b   Thumb Code    22  stm32f10x_bkp.o(.text)
    BKP_SetRTCCalibrationValue               0x08003551   Thumb Code    22  stm32f10x_bkp.o(.text)
    BKP_WriteBackupRegister                  0x08003567   Thumb Code    24  stm32f10x_bkp.o(.text)
    BKP_ReadBackupRegister                   0x0800357f   Thumb Code    26  stm32f10x_bkp.o(.text)
    BKP_GetFlagStatus                        0x08003599   Thumb Code    10  stm32f10x_bkp.o(.text)
    BKP_ClearFlag                            0x080035a3   Thumb Code    18  stm32f10x_bkp.o(.text)
    BKP_GetITStatus                          0x080035b5   Thumb Code    10  stm32f10x_bkp.o(.text)
    BKP_ClearITPendingBit                    0x080035bf   Thumb Code    18  stm32f10x_bkp.o(.text)
    EXTI_DeInit                              0x080035d9   Thumb Code    28  stm32f10x_exti.o(.text)
    EXTI_Init                                0x080035f5   Thumb Code   142  stm32f10x_exti.o(.text)
    EXTI_StructInit                          0x08003683   Thumb Code    16  stm32f10x_exti.o(.text)
    EXTI_GenerateSWInterrupt                 0x08003693   Thumb Code    16  stm32f10x_exti.o(.text)
    EXTI_GetFlagStatus                       0x080036a3   Thumb Code    22  stm32f10x_exti.o(.text)
    EXTI_ClearFlag                           0x080036b9   Thumb Code     8  stm32f10x_exti.o(.text)
    EXTI_GetITStatus                         0x080036c1   Thumb Code    34  stm32f10x_exti.o(.text)
    EXTI_ClearITPendingBit                   0x080036e3   Thumb Code     8  stm32f10x_exti.o(.text)
    GPIO_DeInit                              0x080036f5   Thumb Code   172  stm32f10x_gpio.o(.text)
    GPIO_AFIODeInit                          0x080037a1   Thumb Code    20  stm32f10x_gpio.o(.text)
    GPIO_Init                                0x080037b5   Thumb Code   278  stm32f10x_gpio.o(.text)
    GPIO_StructInit                          0x080038cb   Thumb Code    16  stm32f10x_gpio.o(.text)
    GPIO_ReadInputDataBit                    0x080038db   Thumb Code    18  stm32f10x_gpio.o(.text)
    GPIO_ReadInputData                       0x080038ed   Thumb Code     8  stm32f10x_gpio.o(.text)
    GPIO_ReadOutputDataBit                   0x080038f5   Thumb Code    18  stm32f10x_gpio.o(.text)
    GPIO_ReadOutputData                      0x08003907   Thumb Code     8  stm32f10x_gpio.o(.text)
    GPIO_SetBits                             0x0800390f   Thumb Code     4  stm32f10x_gpio.o(.text)
    GPIO_ResetBits                           0x08003913   Thumb Code     4  stm32f10x_gpio.o(.text)
    GPIO_WriteBit                            0x08003917   Thumb Code    10  stm32f10x_gpio.o(.text)
    GPIO_Write                               0x08003921   Thumb Code     4  stm32f10x_gpio.o(.text)
    GPIO_PinLockConfig                       0x08003925   Thumb Code    18  stm32f10x_gpio.o(.text)
    GPIO_EventOutputConfig                   0x08003937   Thumb Code    26  stm32f10x_gpio.o(.text)
    GPIO_EventOutputCmd                      0x08003951   Thumb Code     6  stm32f10x_gpio.o(.text)
    GPIO_PinRemapConfig                      0x08003957   Thumb Code   138  stm32f10x_gpio.o(.text)
    GPIO_EXTILineConfig                      0x080039e1   Thumb Code    66  stm32f10x_gpio.o(.text)
    GPIO_ETH_MediaInterfaceConfig            0x08003a23   Thumb Code     8  stm32f10x_gpio.o(.text)
    IWDG_WriteAccessCmd                      0x08003a51   Thumb Code     6  stm32f10x_iwdg.o(.text)
    IWDG_SetPrescaler                        0x08003a57   Thumb Code     6  stm32f10x_iwdg.o(.text)
    IWDG_SetReload                           0x08003a5d   Thumb Code     6  stm32f10x_iwdg.o(.text)
    IWDG_ReloadCounter                       0x08003a63   Thumb Code    10  stm32f10x_iwdg.o(.text)
    IWDG_Enable                              0x08003a6d   Thumb Code    10  stm32f10x_iwdg.o(.text)
    IWDG_GetFlagStatus                       0x08003a77   Thumb Code    20  stm32f10x_iwdg.o(.text)
    PWR_DeInit                               0x08003a91   Thumb Code    22  stm32f10x_pwr.o(.text)
    PWR_BackupAccessCmd                      0x08003aa7   Thumb Code     6  stm32f10x_pwr.o(.text)
    PWR_PVDCmd                               0x08003aad   Thumb Code     6  stm32f10x_pwr.o(.text)
    PWR_PVDLevelConfig                       0x08003ab3   Thumb Code    18  stm32f10x_pwr.o(.text)
    PWR_WakeUpPinCmd                         0x08003ac5   Thumb Code     8  stm32f10x_pwr.o(.text)
    PWR_EnterSTOPMode                        0x08003acd   Thumb Code    54  stm32f10x_pwr.o(.text)
    PWR_EnterSTANDBYMode                     0x08003b03   Thumb Code    42  stm32f10x_pwr.o(.text)
    PWR_GetFlagStatus                        0x08003b2d   Thumb Code    20  stm32f10x_pwr.o(.text)
    PWR_ClearFlag                            0x08003b41   Thumb Code    14  stm32f10x_pwr.o(.text)
    RCC_DeInit                               0x08003b5d   Thumb Code    64  stm32f10x_rcc.o(.text)
    RCC_HSEConfig                            0x08003b9d   Thumb Code    70  stm32f10x_rcc.o(.text)
    RCC_GetFlagStatus                        0x08003be3   Thumb Code    56  stm32f10x_rcc.o(.text)
    RCC_WaitForHSEStartUp                    0x08003c1b   Thumb Code    56  stm32f10x_rcc.o(.text)
    RCC_AdjustHSICalibrationValue            0x08003c53   Thumb Code    20  stm32f10x_rcc.o(.text)
    RCC_HSICmd                               0x08003c67   Thumb Code     6  stm32f10x_rcc.o(.text)
    RCC_PLLConfig                            0x08003c6d   Thumb Code    24  stm32f10x_rcc.o(.text)
    RCC_PLLCmd                               0x08003c85   Thumb Code     6  stm32f10x_rcc.o(.text)
    RCC_SYSCLKConfig                         0x08003c8b   Thumb Code    18  stm32f10x_rcc.o(.text)
    RCC_GetSYSCLKSource                      0x08003c9d   Thumb Code    10  stm32f10x_rcc.o(.text)
    RCC_HCLKConfig                           0x08003ca7   Thumb Code    18  stm32f10x_rcc.o(.text)
    RCC_PCLK1Config                          0x08003cb9   Thumb Code    18  stm32f10x_rcc.o(.text)
    RCC_PCLK2Config                          0x08003ccb   Thumb Code    20  stm32f10x_rcc.o(.text)
    RCC_ITConfig                             0x08003cdf   Thumb Code    26  stm32f10x_rcc.o(.text)
    RCC_USBCLKConfig                         0x08003cf9   Thumb Code     8  stm32f10x_rcc.o(.text)
    RCC_ADCCLKConfig                         0x08003d01   Thumb Code    18  stm32f10x_rcc.o(.text)
    RCC_LSEConfig                            0x08003d13   Thumb Code    50  stm32f10x_rcc.o(.text)
    RCC_LSICmd                               0x08003d45   Thumb Code     6  stm32f10x_rcc.o(.text)
    RCC_RTCCLKConfig                         0x08003d4b   Thumb Code    12  stm32f10x_rcc.o(.text)
    RCC_RTCCLKCmd                            0x08003d57   Thumb Code     8  stm32f10x_rcc.o(.text)
    RCC_GetClocksFreq                        0x08003d5f   Thumb Code   192  stm32f10x_rcc.o(.text)
    RCC_AHBPeriphClockCmd                    0x08003e1f   Thumb Code    26  stm32f10x_rcc.o(.text)
    RCC_APB2PeriphClockCmd                   0x08003e39   Thumb Code    26  stm32f10x_rcc.o(.text)
    RCC_APB1PeriphClockCmd                   0x08003e53   Thumb Code    26  stm32f10x_rcc.o(.text)
    RCC_APB2PeriphResetCmd                   0x08003e6d   Thumb Code    26  stm32f10x_rcc.o(.text)
    RCC_APB1PeriphResetCmd                   0x08003e87   Thumb Code    26  stm32f10x_rcc.o(.text)
    RCC_BackupResetCmd                       0x08003ea1   Thumb Code     8  stm32f10x_rcc.o(.text)
    RCC_ClockSecuritySystemCmd               0x08003ea9   Thumb Code     6  stm32f10x_rcc.o(.text)
    RCC_MCOConfig                            0x08003eaf   Thumb Code     6  stm32f10x_rcc.o(.text)
    RCC_ClearFlag                            0x08003eb5   Thumb Code    14  stm32f10x_rcc.o(.text)
    RCC_GetITStatus                          0x08003ec3   Thumb Code    20  stm32f10x_rcc.o(.text)
    RCC_ClearITPendingBit                    0x08003ed7   Thumb Code     6  stm32f10x_rcc.o(.text)
    RTC_ITConfig                             0x08003f01   Thumb Code    26  stm32f10x_rtc.o(.text)
    RTC_EnterConfigMode                      0x08003f1b   Thumb Code    18  stm32f10x_rtc.o(.text)
    RTC_ExitConfigMode                       0x08003f2d   Thumb Code    20  stm32f10x_rtc.o(.text)
    RTC_GetCounter                           0x08003f41   Thumb Code    18  stm32f10x_rtc.o(.text)
    RTC_SetCounter                           0x08003f53   Thumb Code    26  stm32f10x_rtc.o(.text)
    RTC_SetPrescaler                         0x08003f6d   Thumb Code    28  stm32f10x_rtc.o(.text)
    RTC_SetAlarm                             0x08003f89   Thumb Code    26  stm32f10x_rtc.o(.text)
    RTC_GetDivider                           0x08003fa3   Thumb Code    22  stm32f10x_rtc.o(.text)
    RTC_WaitForLastTask                      0x08003fb9   Thumb Code    18  stm32f10x_rtc.o(.text)
    RTC_WaitForSynchro                       0x08003fcb   Thumb Code    36  stm32f10x_rtc.o(.text)
    RTC_GetFlagStatus                        0x08003fef   Thumb Code    22  stm32f10x_rtc.o(.text)
    RTC_ClearFlag                            0x08004005   Thumb Code    16  stm32f10x_rtc.o(.text)
    RTC_GetITStatus                          0x08004015   Thumb Code    32  stm32f10x_rtc.o(.text)
    RTC_ClearITPendingBit                    0x08004035   Thumb Code    16  stm32f10x_rtc.o(.text)
    SPI_I2S_DeInit                           0x08004049   Thumb Code    76  stm32f10x_spi.o(.text)
    SPI_Init                                 0x08004095   Thumb Code    60  stm32f10x_spi.o(.text)
    I2S_Init                                 0x080040d1   Thumb Code   226  stm32f10x_spi.o(.text)
    SPI_StructInit                           0x080041b3   Thumb Code    24  stm32f10x_spi.o(.text)
    I2S_StructInit                           0x080041cb   Thumb Code    20  stm32f10x_spi.o(.text)
    SPI_Cmd                                  0x080041df   Thumb Code    24  stm32f10x_spi.o(.text)
    I2S_Cmd                                  0x080041f7   Thumb Code    24  stm32f10x_spi.o(.text)
    SPI_I2S_ITConfig                         0x0800420f   Thumb Code    32  stm32f10x_spi.o(.text)
    SPI_I2S_DMACmd                           0x0800422f   Thumb Code    18  stm32f10x_spi.o(.text)
    SPI_I2S_SendData                         0x08004241   Thumb Code     4  stm32f10x_spi.o(.text)
    SPI_I2S_ReceiveData                      0x08004245   Thumb Code     6  stm32f10x_spi.o(.text)
    SPI_NSSInternalSoftwareConfig            0x0800424b   Thumb Code    30  stm32f10x_spi.o(.text)
    SPI_SSOutputCmd                          0x08004269   Thumb Code    24  stm32f10x_spi.o(.text)
    SPI_DataSizeConfig                       0x08004281   Thumb Code    18  stm32f10x_spi.o(.text)
    SPI_TransmitCRC                          0x08004293   Thumb Code    10  stm32f10x_spi.o(.text)
    SPI_CalculateCRC                         0x0800429d   Thumb Code    24  stm32f10x_spi.o(.text)
    SPI_GetCRC                               0x080042b5   Thumb Code    16  stm32f10x_spi.o(.text)
    SPI_GetCRCPolynomial                     0x080042c5   Thumb Code     6  stm32f10x_spi.o(.text)
    SPI_BiDirectionalLineConfig              0x080042cb   Thumb Code    28  stm32f10x_spi.o(.text)
    SPI_I2S_GetFlagStatus                    0x080042e7   Thumb Code    18  stm32f10x_spi.o(.text)
    SPI_I2S_ClearFlag                        0x080042f9   Thumb Code     6  stm32f10x_spi.o(.text)
    SPI_I2S_GetITStatus                      0x080042ff   Thumb Code    52  stm32f10x_spi.o(.text)
    SPI_I2S_ClearITPendingBit                0x08004333   Thumb Code    20  stm32f10x_spi.o(.text)
    TIM_DeInit                               0x08004355   Thumb Code   424  stm32f10x_tim.o(.text)
    TIM_TimeBaseInit                         0x080044fd   Thumb Code   122  stm32f10x_tim.o(.text)
    TIM_OC1Init                              0x08004577   Thumb Code   132  stm32f10x_tim.o(.text)
    TIM_OC2Init                              0x080045fb   Thumb Code   154  stm32f10x_tim.o(.text)
    TIM_OC3Init                              0x08004695   Thumb Code   150  stm32f10x_tim.o(.text)
    TIM_OC4Init                              0x0800472b   Thumb Code   182  stm32f10x_tim.o(.text)
    TIM_SetIC4Prescaler                      0x080047e1   Thumb Code    26  stm32f10x_tim.o(.text)
    TIM_SetIC3Prescaler                      0x0800487d   Thumb Code    18  stm32f10x_tim.o(.text)
    TIM_SetIC2Prescaler                      0x08004909   Thumb Code    26  stm32f10x_tim.o(.text)
    TIM_SetIC1Prescaler                      0x080049a5   Thumb Code    18  stm32f10x_tim.o(.text)
    TIM_ICInit                               0x08004a23   Thumb Code   150  stm32f10x_tim.o(.text)
    TIM_PWMIConfig                           0x08004ab9   Thumb Code   124  stm32f10x_tim.o(.text)
    TIM_BDTRConfig                           0x08004b35   Thumb Code    32  stm32f10x_tim.o(.text)
    TIM_TimeBaseStructInit                   0x08004b55   Thumb Code    18  stm32f10x_tim.o(.text)
    TIM_OCStructInit                         0x08004b67   Thumb Code    20  stm32f10x_tim.o(.text)
    TIM_ICStructInit                         0x08004b7b   Thumb Code    18  stm32f10x_tim.o(.text)
    TIM_BDTRStructInit                       0x08004b8d   Thumb Code    40  stm32f10x_tim.o(.text)
    TIM_Cmd                                  0x08004bb5   Thumb Code    24  stm32f10x_tim.o(.text)
    TIM_CtrlPWMOutputs                       0x08004bcd   Thumb Code    30  stm32f10x_tim.o(.text)
    TIM_ITConfig                             0x08004beb   Thumb Code    18  stm32f10x_tim.o(.text)
    TIM_GenerateEvent                        0x08004bfd   Thumb Code     4  stm32f10x_tim.o(.text)
    TIM_DMAConfig                            0x08004c01   Thumb Code    10  stm32f10x_tim.o(.text)
    TIM_DMACmd                               0x08004c0b   Thumb Code    18  stm32f10x_tim.o(.text)
    TIM_InternalClockConfig                  0x08004c1d   Thumb Code    12  stm32f10x_tim.o(.text)
    TIM_SelectInputTrigger                   0x08004c29   Thumb Code    18  stm32f10x_tim.o(.text)
    TIM_ITRxExternalClockConfig              0x08004c3b   Thumb Code    24  stm32f10x_tim.o(.text)
    TIM_TIxExternalClockConfig               0x08004c53   Thumb Code    62  stm32f10x_tim.o(.text)
    TIM_ETRConfig                            0x08004c91   Thumb Code    28  stm32f10x_tim.o(.text)
    TIM_ETRClockMode1Config                  0x08004cad   Thumb Code    54  stm32f10x_tim.o(.text)
    TIM_ETRClockMode2Config                  0x08004ce3   Thumb Code    32  stm32f10x_tim.o(.text)
    TIM_PrescalerConfig                      0x08004d03   Thumb Code     6  stm32f10x_tim.o(.text)
    TIM_CounterModeConfig                    0x08004d09   Thumb Code    18  stm32f10x_tim.o(.text)
    TIM_EncoderInterfaceConfig               0x08004d1b   Thumb Code    66  stm32f10x_tim.o(.text)
    TIM_ForcedOC1Config                      0x08004d5d   Thumb Code    18  stm32f10x_tim.o(.text)
    TIM_ForcedOC2Config                      0x08004d6f   Thumb Code    26  stm32f10x_tim.o(.text)
    TIM_ForcedOC3Config                      0x08004d89   Thumb Code    18  stm32f10x_tim.o(.text)
    TIM_ForcedOC4Config                      0x08004d9b   Thumb Code    26  stm32f10x_tim.o(.text)
    TIM_ARRPreloadConfig                     0x08004db5   Thumb Code    24  stm32f10x_tim.o(.text)
    TIM_SelectCOM                            0x08004dcd   Thumb Code    24  stm32f10x_tim.o(.text)
    TIM_SelectCCDMA                          0x08004de5   Thumb Code    24  stm32f10x_tim.o(.text)
    TIM_CCPreloadControl                     0x08004dfd   Thumb Code    24  stm32f10x_tim.o(.text)
    TIM_OC1PreloadConfig                     0x08004e15   Thumb Code    18  stm32f10x_tim.o(.text)
    TIM_OC2PreloadConfig                     0x08004e27   Thumb Code    26  stm32f10x_tim.o(.text)
    TIM_OC3PreloadConfig                     0x08004e41   Thumb Code    18  stm32f10x_tim.o(.text)
    TIM_OC4PreloadConfig                     0x08004e53   Thumb Code    26  stm32f10x_tim.o(.text)
    TIM_OC1FastConfig                        0x08004e6d   Thumb Code    18  stm32f10x_tim.o(.text)
    TIM_OC2FastConfig                        0x08004e7f   Thumb Code    26  stm32f10x_tim.o(.text)
    TIM_OC3FastConfig                        0x08004e99   Thumb Code    18  stm32f10x_tim.o(.text)
    TIM_OC4FastConfig                        0x08004eab   Thumb Code    26  stm32f10x_tim.o(.text)
    TIM_ClearOC1Ref                          0x08004ec5   Thumb Code    18  stm32f10x_tim.o(.text)
    TIM_ClearOC2Ref                          0x08004ed7   Thumb Code    24  stm32f10x_tim.o(.text)
    TIM_ClearOC3Ref                          0x08004eef   Thumb Code    18  stm32f10x_tim.o(.text)
    TIM_ClearOC4Ref                          0x08004f01   Thumb Code    24  stm32f10x_tim.o(.text)
    TIM_OC1PolarityConfig                    0x08004f19   Thumb Code    18  stm32f10x_tim.o(.text)
    TIM_OC1NPolarityConfig                   0x08004f2b   Thumb Code    18  stm32f10x_tim.o(.text)
    TIM_OC2PolarityConfig                    0x08004f3d   Thumb Code    26  stm32f10x_tim.o(.text)
    TIM_OC2NPolarityConfig                   0x08004f57   Thumb Code    26  stm32f10x_tim.o(.text)
    TIM_OC3PolarityConfig                    0x08004f71   Thumb Code    26  stm32f10x_tim.o(.text)
    TIM_OC3NPolarityConfig                   0x08004f8b   Thumb Code    26  stm32f10x_tim.o(.text)
    TIM_OC4PolarityConfig                    0x08004fa5   Thumb Code    26  stm32f10x_tim.o(.text)
    TIM_CCxCmd                               0x08004fbf   Thumb Code    30  stm32f10x_tim.o(.text)
    TIM_CCxNCmd                              0x08004fdd   Thumb Code    30  stm32f10x_tim.o(.text)
    TIM_SelectOCxM                           0x08004ffb   Thumb Code    82  stm32f10x_tim.o(.text)
    TIM_UpdateDisableConfig                  0x0800504d   Thumb Code    24  stm32f10x_tim.o(.text)
    TIM_UpdateRequestConfig                  0x08005065   Thumb Code    24  stm32f10x_tim.o(.text)
    TIM_SelectHallSensor                     0x0800507d   Thumb Code    24  stm32f10x_tim.o(.text)
    TIM_SelectOnePulseMode                   0x08005095   Thumb Code    18  stm32f10x_tim.o(.text)
    TIM_SelectOutputTrigger                  0x080050a7   Thumb Code    18  stm32f10x_tim.o(.text)
    TIM_SelectSlaveMode                      0x080050b9   Thumb Code    18  stm32f10x_tim.o(.text)
    TIM_SelectMasterSlaveMode                0x080050cb   Thumb Code    18  stm32f10x_tim.o(.text)
    TIM_SetCounter                           0x080050dd   Thumb Code     4  stm32f10x_tim.o(.text)
    TIM_SetAutoreload                        0x080050e1   Thumb Code     4  stm32f10x_tim.o(.text)
    TIM_SetCompare1                          0x080050e5   Thumb Code     4  stm32f10x_tim.o(.text)
    TIM_SetCompare2                          0x080050e9   Thumb Code     4  stm32f10x_tim.o(.text)
    TIM_SetCompare3                          0x080050ed   Thumb Code     4  stm32f10x_tim.o(.text)
    TIM_SetCompare4                          0x080050f1   Thumb Code     6  stm32f10x_tim.o(.text)
    TIM_SetClockDivision                     0x080050f7   Thumb Code    18  stm32f10x_tim.o(.text)
    TIM_GetCapture1                          0x08005109   Thumb Code     6  stm32f10x_tim.o(.text)
    TIM_GetCapture2                          0x0800510f   Thumb Code     6  stm32f10x_tim.o(.text)
    TIM_GetCapture3                          0x08005115   Thumb Code     6  stm32f10x_tim.o(.text)
    TIM_GetCapture4                          0x0800511b   Thumb Code     8  stm32f10x_tim.o(.text)
    TIM_GetCounter                           0x08005123   Thumb Code     6  stm32f10x_tim.o(.text)
    TIM_GetPrescaler                         0x08005129   Thumb Code     6  stm32f10x_tim.o(.text)
    TIM_GetFlagStatus                        0x0800512f   Thumb Code    18  stm32f10x_tim.o(.text)
    TIM_ClearFlag                            0x08005141   Thumb Code     6  stm32f10x_tim.o(.text)
    TIM_GetITStatus                          0x08005147   Thumb Code    34  stm32f10x_tim.o(.text)
    TIM_ClearITPendingBit                    0x08005169   Thumb Code     6  stm32f10x_tim.o(.text)
    USART_DeInit                             0x08005171   Thumb Code   134  stm32f10x_usart.o(.text)
    USART_Init                               0x080051f7   Thumb Code   210  stm32f10x_usart.o(.text)
    USART_StructInit                         0x080052c9   Thumb Code    24  stm32f10x_usart.o(.text)
    USART_ClockInit                          0x080052e1   Thumb Code    34  stm32f10x_usart.o(.text)
    USART_ClockStructInit                    0x08005303   Thumb Code    12  stm32f10x_usart.o(.text)
    USART_Cmd                                0x0800530f   Thumb Code    24  stm32f10x_usart.o(.text)
    USART_ITConfig                           0x08005327   Thumb Code    74  stm32f10x_usart.o(.text)
    USART_DMACmd                             0x08005371   Thumb Code    18  stm32f10x_usart.o(.text)
    USART_SetAddress                         0x08005383   Thumb Code    18  stm32f10x_usart.o(.text)
    USART_WakeUpConfig                       0x08005395   Thumb Code    18  stm32f10x_usart.o(.text)
    USART_ReceiverWakeUpCmd                  0x080053a7   Thumb Code    24  stm32f10x_usart.o(.text)
    USART_LINBreakDetectLengthConfig         0x080053bf   Thumb Code    18  stm32f10x_usart.o(.text)
    USART_LINCmd                             0x080053d1   Thumb Code    24  stm32f10x_usart.o(.text)
    USART_SendData                           0x080053e9   Thumb Code     8  stm32f10x_usart.o(.text)
    USART_ReceiveData                        0x080053f1   Thumb Code    10  stm32f10x_usart.o(.text)
    USART_SendBreak                          0x080053fb   Thumb Code    10  stm32f10x_usart.o(.text)
    USART_SetGuardTime                       0x08005405   Thumb Code    16  stm32f10x_usart.o(.text)
    USART_SetPrescaler                       0x08005415   Thumb Code    16  stm32f10x_usart.o(.text)
    USART_SmartCardCmd                       0x08005425   Thumb Code    24  stm32f10x_usart.o(.text)
    USART_SmartCardNACKCmd                   0x0800543d   Thumb Code    24  stm32f10x_usart.o(.text)
    USART_HalfDuplexCmd                      0x08005455   Thumb Code    24  stm32f10x_usart.o(.text)
    USART_OverSampling8Cmd                   0x0800546d   Thumb Code    22  stm32f10x_usart.o(.text)
    USART_OneBitMethodCmd                    0x08005483   Thumb Code    24  stm32f10x_usart.o(.text)
    USART_IrDAConfig                         0x0800549b   Thumb Code    18  stm32f10x_usart.o(.text)
    USART_IrDACmd                            0x080054ad   Thumb Code    24  stm32f10x_usart.o(.text)
    USART_GetFlagStatus                      0x080054c5   Thumb Code    26  stm32f10x_usart.o(.text)
    USART_ClearFlag                          0x080054df   Thumb Code    18  stm32f10x_usart.o(.text)
    USART_GetITStatus                        0x080054f1   Thumb Code    84  stm32f10x_usart.o(.text)
    USART_ClearITPendingBit                  0x08005545   Thumb Code    52  stm32f10x_usart.o(.text)
    exfuns_init                              0x08005579   Thumb Code   100  exfuns.o(.text)
    char_upper                               0x080055dd   Thumb Code    26  exfuns.o(.text)
    f_typetell                               0x080055f7   Thumb Code   188  exfuns.o(.text)
    exf_getfree                              0x080056b3   Thumb Code    74  exfuns.o(.text)
    disk_initialize                          0x08005711   Thumb Code    58  diskio.o(.text)
    disk_status                              0x0800574b   Thumb Code     6  diskio.o(.text)
    disk_read                                0x08005751   Thumb Code    82  diskio.o(.text)
    disk_write                               0x080057a3   Thumb Code    62  diskio.o(.text)
    disk_ioctl                               0x080057e1   Thumb Code   154  diskio.o(.text)
    get_fattime                              0x0800587b   Thumb Code     4  diskio.o(.text)
    ff_memalloc                              0x0800587f   Thumb Code    12  diskio.o(.text)
    ff_memfree                               0x0800588b   Thumb Code    12  diskio.o(.text)
    clust2sect                               0x08005a4f   Thumb Code    26  ff.o(.text)
    get_fat                                  0x08005a69   Thumb Code   232  ff.o(.text)
    put_fat                                  0x08005b51   Thumb Code   310  ff.o(.text)
    f_mount                                  0x08006811   Thumb Code    86  ff.o(.text)
    f_open                                   0x08006867   Thumb Code   356  ff.o(.text)
    f_read                                   0x080069cb   Thumb Code   450  ff.o(.text)
    f_write                                  0x08006b8d   Thumb Code   498  ff.o(.text)
    f_sync                                   0x08006d7f   Thumb Code   176  ff.o(.text)
    f_close                                  0x08006e2f   Thumb Code    32  ff.o(.text)
    f_lseek                                  0x08006e4f   Thumb Code   654  ff.o(.text)
    f_opendir                                0x080070dd   Thumb Code   110  ff.o(.text)
    f_closedir                               0x0800714b   Thumb Code    22  ff.o(.text)
    f_readdir                                0x08007161   Thumb Code    88  ff.o(.text)
    f_stat                                   0x080071b9   Thumb Code    60  ff.o(.text)
    f_getfree                                0x080071f5   Thumb Code   258  ff.o(.text)
    f_truncate                               0x080072f7   Thumb Code   184  ff.o(.text)
    f_unlink                                 0x080073af   Thumb Code   170  ff.o(.text)
    f_mkdir                                  0x08007459   Thumb Code   352  ff.o(.text)
    f_chmod                                  0x080075b9   Thumb Code    84  ff.o(.text)
    f_utime                                  0x0800760d   Thumb Code    86  ff.o(.text)
    f_rename                                 0x08007663   Thumb Code   284  ff.o(.text)
    f_getlabel                               0x0800777f   Thumb Code   190  ff.o(.text)
    f_setlabel                               0x0800783d   Thumb Code   382  ff.o(.text)
    f_mkfs                                   0x080079bb   Thumb Code  1568  ff.o(.text)
    f_gets                                   0x08007fdb   Thumb Code    82  ff.o(.text)
    f_putc                                   0x08008071   Thumb Code    64  ff.o(.text)
    f_puts                                   0x080080b1   Thumb Code    74  ff.o(.text)
    f_printf                                 0x080080fb   Thumb Code   674  ff.o(.text)
    mymemcpy                                 0x0800839d   Thumb Code    26  malloc.o(.text)
    mymemset                                 0x080083b7   Thumb Code    20  malloc.o(.text)
    mem_init                                 0x080083cb   Thumb Code    38  malloc.o(.text)
    mem_perused                              0x080083f1   Thumb Code    42  malloc.o(.text)
    mem_malloc                               0x0800841b   Thumb Code   116  malloc.o(.text)
    mem_free                                 0x0800848f   Thumb Code    66  malloc.o(.text)
    myfree                                   0x080084d1   Thumb Code    24  malloc.o(.text)
    mymalloc                                 0x080084e9   Thumb Code    28  malloc.o(.text)
    myrealloc                                0x08008505   Thumb Code    50  malloc.o(.text)
    mktime                                   0x0800853d   Thumb Code   150  mktime.o(.text)
    __aeabi_memcpy                           0x080085e5   Thumb Code    36  memcpya.o(.text)
    __aeabi_memcpy4                          0x080085e5   Thumb Code     0  memcpya.o(.text)
    __aeabi_memcpy8                          0x080085e5   Thumb Code     0  memcpya.o(.text)
    __aeabi_memset                           0x08008609   Thumb Code    14  memseta.o(.text)
    __aeabi_memset4                          0x08008609   Thumb Code     0  memseta.o(.text)
    __aeabi_memset8                          0x08008609   Thumb Code     0  memseta.o(.text)
    __aeabi_memclr                           0x08008617   Thumb Code     4  memseta.o(.text)
    __aeabi_memclr4                          0x08008617   Thumb Code     0  memseta.o(.text)
    __aeabi_memclr8                          0x08008617   Thumb Code     0  memseta.o(.text)
    _memset$wrapper                          0x0800861b   Thumb Code    18  memseta.o(.text)
    strcat                                   0x0800862d   Thumb Code    24  strcat.o(.text)
    strstr                                   0x08008645   Thumb Code    36  strstr.o(.text)
    strlen                                   0x08008669   Thumb Code    14  strlen.o(.text)
    strcmp                                   0x08008677   Thumb Code    28  strcmp.o(.text)
    strcpy                                   0x08008693   Thumb Code    18  strcpy.o(.text)
    __aeabi_fdiv                             0x080086a5   Thumb Code   124  fdiv.o(.text)
    __aeabi_dadd                             0x08008721   Thumb Code   322  dadd.o(.text)
    __aeabi_dsub                             0x08008863   Thumb Code     6  dadd.o(.text)
    __aeabi_drsub                            0x08008869   Thumb Code     6  dadd.o(.text)
    __aeabi_dmul                             0x0800886f   Thumb Code   228  dmul.o(.text)
    __aeabi_ddiv                             0x08008953   Thumb Code   222  ddiv.o(.text)
    __aeabi_i2f                              0x08008a31   Thumb Code    18  fflti.o(.text)
    __aeabi_ui2f                             0x08008a43   Thumb Code    10  ffltui.o(.text)
    __aeabi_ui2d                             0x08008a4d   Thumb Code    26  dfltui.o(.text)
    __aeabi_f2d                              0x08008a67   Thumb Code    38  f2d.o(.text)
    __aeabi_d2f                              0x08008a8d   Thumb Code    56  d2f.o(.text)
    __aeabi_uidiv                            0x08008ac5   Thumb Code     0  uidiv.o(.text)
    __aeabi_uidivmod                         0x08008ac5   Thumb Code    44  uidiv.o(.text)
    __aeabi_uldivmod                         0x08008af1   Thumb Code    98  uldiv.o(.text)
    __aeabi_llsl                             0x08008b53   Thumb Code    30  llshl.o(.text)
    _ll_shift_l                              0x08008b53   Thumb Code     0  llshl.o(.text)
    __aeabi_lasr                             0x08008b71   Thumb Code    36  llsshr.o(.text)
    _ll_sshift_r                             0x08008b71   Thumb Code     0  llsshr.o(.text)
    localtime                                0x08008b95   Thumb Code     6  localtime_w.o(.text)
    _localtime                               0x08008ba1   Thumb Code   134  localtime_i.o(.text)
    __I$use$fp                               0x08008c2d   Thumb Code     0  iusefp.o(.text)
    _float_round                             0x08008c2d   Thumb Code    18  fepilogue.o(.text)
    _float_epilogue                          0x08008c3f   Thumb Code    92  fepilogue.o(.text)
    _double_round                            0x08008c9b   Thumb Code    30  depilogue.o(.text)
    _double_epilogue                         0x08008cb9   Thumb Code   156  depilogue.o(.text)
    __aeabi_d2ulz                            0x08008d55   Thumb Code    48  dfixul.o(.text)
    __aeabi_cdrcmple                         0x08008d85   Thumb Code    48  cdrcmple.o(.text)
    __scatterload                            0x08008db5   Thumb Code    28  init.o(.text)
    __scatterload_rt2                        0x08008db5   Thumb Code     0  init.o(.text)
    __aeabi_llsr                             0x08008dd9   Thumb Code    32  llushr.o(.text)
    _ll_ushift_r                             0x08008dd9   Thumb Code     0  llushr.o(.text)
    __decompress                             0x08008df9   Thumb Code     0  __dczerorl2.o(.text)
    __decompress1                            0x08008df9   Thumb Code    86  __dczerorl2.o(.text)
    __0sprintf                               0x08008e51   Thumb Code    34  printfa.o(i.__0sprintf)
    __1sprintf                               0x08008e51   Thumb Code     0  printfa.o(i.__0sprintf)
    __2sprintf                               0x08008e51   Thumb Code     0  printfa.o(i.__0sprintf)
    __c89sprintf                             0x08008e51   Thumb Code     0  printfa.o(i.__0sprintf)
    sprintf                                  0x08008e51   Thumb Code     0  printfa.o(i.__0sprintf)
    __0vsprintf                              0x08008e79   Thumb Code    30  printfa.o(i.__0vsprintf)
    __1vsprintf                              0x08008e79   Thumb Code     0  printfa.o(i.__0vsprintf)
    __2vsprintf                              0x08008e79   Thumb Code     0  printfa.o(i.__0vsprintf)
    __c89vsprintf                            0x08008e79   Thumb Code     0  printfa.o(i.__0vsprintf)
    vsprintf                                 0x08008e79   Thumb Code     0  printfa.o(i.__0vsprintf)
    __scatterload_copy                       0x08008e9d   Thumb Code    14  handlers.o(i.__scatterload_copy)
    __scatterload_null                       0x08008eab   Thumb Code     2  handlers.o(i.__scatterload_null)
    __scatterload_zeroinit                   0x08008ead   Thumb Code    14  handlers.o(i.__scatterload_zeroinit)
    OLED_F8x16                               0x08009778   Data        1520  oled.o(.constdata)
    Region$$Table$$Base                      0x0800a324   Number         0  anon$$obj.o(Region$$Table)
    Region$$Table$$Limit                     0x0800a344   Number         0  anon$$obj.o(Region$$Table)
    res_sd                                   0x20000000   Data           1  main.o(.data)
    fnum                                     0x20000004   Data           4  main.o(.data)
    flag                                     0x20000008   Data           1  main.o(.data)
    Num                                      0x2000000a   Data           2  main.o(.data)
    oled_flag                                0x2000000c   Data           1  main.o(.data)
    flag_oled_print                          0x2000000d   Data           1  main.o(.data)
    rx_counter                               0x2000000e   Data           2  main.o(.data)
    data_ready                               0x20000010   Data           1  main.o(.data)
    Q                                        0x20000018   Data           8  main.o(.data)
    R                                        0x20000020   Data           8  main.o(.data)
    init_x1                                  0x20000028   Data           8  main.o(.data)
    init_P1                                  0x20000030   Data           8  main.o(.data)
    init_x2                                  0x20000038   Data           8  main.o(.data)
    init_P2                                  0x20000040   Data           8  main.o(.data)
    init_x3                                  0x20000048   Data           8  main.o(.data)
    init_P3                                  0x20000050   Data           8  main.o(.data)
    SystemCoreClock                          0x20000058   Data           4  system_stm32f10x.o(.data)
    AHBPrescTable                            0x2000005c   Data          16  system_stm32f10x.o(.data)
    CountSensor_Count                        0x2000006c   Data           2  countsensor.o(.data)
    strx                                     0x20000070   Data           4  bc26.o(.data)
    extstrx                                  0x20000074   Data           4  bc26.o(.data)
    err                                      0x20000078   Data           4  bc26.o(.data)
    temp1                                    0x2000007c   Data           2  bc26.o(.data)
    temp2                                    0x20000080   Data           4  bc26.o(.data)
    SD_Type                                  0x20000084   Data           1  mmc_sd.o(.data)
    Serial_RxData                            0x20000085   Data           1  serial.o(.data)
    Serial_RxFlag                            0x20000086   Data           1  serial.o(.data)
    MyRTC_Time                               0x2000008c   Data          12  myrtc.o(.data)
    FILE_TYPE_TBL                            0x200000ac   Data         312  exfuns.o(.data)
    fs                                       0x200001e4   Data           8  exfuns.o(.data)
    file                                     0x200001ec   Data           4  exfuns.o(.data)
    ftemp                                    0x200001f0   Data           4  exfuns.o(.data)
    br                                       0x200001f4   Data           4  exfuns.o(.data)
    bw                                       0x200001f8   Data           4  exfuns.o(.data)
    fatbuf                                   0x200001fc   Data           4  exfuns.o(.data)
    FLASH_SECTOR_COUNT                       0x20000200   Data           2  diskio.o(.data)
    mallco_dev                               0x20000210   Data          20  malloc.o(.data)
    data                                     0x20000228   Data          52  main.o(.bss)
    fnew                                     0x2000025c   Data         552  main.o(.bss)
    str_t                                    0x20000484   Data         150  main.o(.bss)
    rx_buffer                                0x2000051a   Data          21  main.o(.bss)
    kf1                                      0x20000530   Data          40  main.o(.bss)
    kf2                                      0x20000558   Data          40  main.o(.bss)
    kf3                                      0x20000580   Data          40  main.o(.bss)
    modbus                                   0x200005a8   Data         224  modbus.o(.bss)
    str                                      0x20000688   Data          10  countsensor.o(.bss)
    atstr                                    0x20000692   Data         256  bc26.o(.bss)
    atbuf                                    0x20000792   Data         256  bc26.o(.bss)
    objtnum                                  0x20000892   Data         256  bc26.o(.bss)
    distnum                                  0x20000992   Data         256  bc26.o(.bss)
    BC26_Status                              0x20000a92   Data         123  bc26.o(.bss)
    sendData                                 0x20000b0d   Data         256  bc26.o(.bss)
    SPI_InitStructure                        0x20000c0e   Data          18  spi.o(.bss)
    strt                                     0x20000c20   Data          10  data.o(.bss)
    table_data                               0x20000c2c   Data           9  usart.o(.bss)
    table_cp                                 0x20000c35   Data           9  usart.o(.bss)
    buf_uart1                                0x20000c40   Data         264  usart.o(.bss)
    buf_uart2                                0x20000d48   Data         264  usart.o(.bss)
    buf_uart3                                0x20000e50   Data         264  usart.o(.bss)
    membase                                  0x20000f58   Data       10240  malloc.o(.bss)
    memmapbase                               0x20003758   Data         640  malloc.o(.bss)
    __initial_sp                             0x20003e08   Data           0  startup_stm32f10x_md.o(STACK)



==============================================================================

Memory Map of the image

  Image Entry point : 0x080000ed

  Load Region LR_IROM1 (Base: 0x08000000, Size: 0x0000a568, Max: 0x00010000, ABSOLUTE, COMPRESSED[0x0000a3dc])

    Execution Region ER_IROM1 (Exec base: 0x08000000, Load base: 0x08000000, Size: 0x0000a344, Max: 0x00010000, ABSOLUTE)

    Exec Addr    Load Addr    Size         Type   Attr      Idx    E Section Name        Object

    0x08000000   0x08000000   0x000000ec   Data   RO          617    RESET               startup_stm32f10x_md.o
    0x080000ec   0x080000ec   0x00000000   Code   RO         1015  * .ARM.Collect$$$$00000000  mc_w.l(entry.o)
    0x080000ec   0x080000ec   0x00000004   Code   RO         1322    .ARM.Collect$$$$00000001  mc_w.l(entry2.o)
    0x080000f0   0x080000f0   0x00000004   Code   RO         1325    .ARM.Collect$$$$00000004  mc_w.l(entry5.o)
    0x080000f4   0x080000f4   0x00000000   Code   RO         1327    .ARM.Collect$$$$00000008  mc_w.l(entry7b.o)
    0x080000f4   0x080000f4   0x00000000   Code   RO         1329    .ARM.Collect$$$$0000000A  mc_w.l(entry8b.o)
    0x080000f4   0x080000f4   0x00000008   Code   RO         1330    .ARM.Collect$$$$0000000B  mc_w.l(entry9a.o)
    0x080000fc   0x080000fc   0x00000000   Code   RO         1332    .ARM.Collect$$$$0000000D  mc_w.l(entry10a.o)
    0x080000fc   0x080000fc   0x00000000   Code   RO         1334    .ARM.Collect$$$$0000000F  mc_w.l(entry11a.o)
    0x080000fc   0x080000fc   0x00000004   Code   RO         1323    .ARM.Collect$$$$00002712  mc_w.l(entry2.o)
    0x08000100   0x08000100   0x000006ec   Code   RO            1    .text               main.o
    0x080007ec   0x080007ec   0x0000001a   Code   RO          193    .text               stm32f10x_it.o
    0x08000806   0x08000806   0x00000002   PAD
    0x08000808   0x08000808   0x000001e0   Code   RO          208    .text               system_stm32f10x.o
    0x080009e8   0x080009e8   0x000000c4   Code   RO          311    .text               modbus_timer.o
    0x08000aac   0x08000aac   0x00000446   Code   RO          330    .text               oled.o
    0x08000ef2   0x08000ef2   0x00000002   PAD
    0x08000ef4   0x08000ef4   0x000001b4   Code   RO          348    .text               countsensor.o
    0x080010a8   0x080010a8   0x00000d6c   Code   RO          372    .text               bc26.o
    0x08001e14   0x08001e14   0x00000080   Code   RO          397    .text               led.o
    0x08001e94   0x08001e94   0x00000164   Code   RO          409    .text               sd.o
    0x08001ff8   0x08001ff8   0x0000052c   Code   RO          435    .text               mmc_sd.o
    0x08002524   0x08002524   0x000000e0   Code   RO          456    .text               spi.o
    0x08002604   0x08002604   0x00000544   Code   RO          471    .text               data.o
    0x08002b48   0x08002b48   0x0000007e   Code   RO          487    .text               timer.o
    0x08002bc6   0x08002bc6   0x00000002   PAD
    0x08002bc8   0x08002bc8   0x000001f4   Code   RO          499    .text               serial.o
    0x08002dbc   0x08002dbc   0x000000c8   Code   RO          522    .text               kalman.o
    0x08002e84   0x08002e84   0x000000d4   Code   RO          537    .text               delay.o
    0x08002f58   0x08002f58   0x0000000c   Code   RO          551    .text               sys.o
    0x08002f64   0x08002f64   0x000003b0   Code   RO          563    .text               usart.o
    0x08003314   0x08003314   0x00000100   Code   RO          586    .text               myrtc.o
    0x08003414   0x08003414   0x00000024   Code   RO          618    .text               startup_stm32f10x_md.o
    0x08003438   0x08003438   0x000000dc   Code   RO          622    .text               misc.o
    0x08003514   0x08003514   0x000000c4   Code   RO          637    .text               stm32f10x_bkp.o
    0x080035d8   0x080035d8   0x0000011c   Code   RO          712    .text               stm32f10x_exti.o
    0x080036f4   0x080036f4   0x0000035c   Code   RO          757    .text               stm32f10x_gpio.o
    0x08003a50   0x08003a50   0x00000040   Code   RO          787    .text               stm32f10x_iwdg.o
    0x08003a90   0x08003a90   0x000000cc   Code   RO          802    .text               stm32f10x_pwr.o
    0x08003b5c   0x08003b5c   0x000003a4   Code   RO          817    .text               stm32f10x_rcc.o
    0x08003f00   0x08003f00   0x00000148   Code   RO          834    .text               stm32f10x_rtc.o
    0x08004048   0x08004048   0x0000030c   Code   RO          864    .text               stm32f10x_spi.o
    0x08004354   0x08004354   0x00000e1a   Code   RO          879    .text               stm32f10x_tim.o
    0x0800516e   0x0800516e   0x00000002   PAD
    0x08005170   0x08005170   0x00000408   Code   RO          894    .text               stm32f10x_usart.o
    0x08005578   0x08005578   0x00000198   Code   RO          924    .text               exfuns.o
    0x08005710   0x08005710   0x00000190   Code   RO          954    .text               diskio.o
    0x080058a0   0x080058a0   0x00002afc   Code   RO          980    .text               ff.o
    0x0800839c   0x0800839c   0x000001a0   Code   RO          995    .text               malloc.o
    0x0800853c   0x0800853c   0x000000a8   Code   RO         1022    .text               mc_w.l(mktime.o)
    0x080085e4   0x080085e4   0x00000024   Code   RO         1025    .text               mc_w.l(memcpya.o)
    0x08008608   0x08008608   0x00000024   Code   RO         1027    .text               mc_w.l(memseta.o)
    0x0800862c   0x0800862c   0x00000018   Code   RO         1029    .text               mc_w.l(strcat.o)
    0x08008644   0x08008644   0x00000024   Code   RO         1031    .text               mc_w.l(strstr.o)
    0x08008668   0x08008668   0x0000000e   Code   RO         1033    .text               mc_w.l(strlen.o)
    0x08008676   0x08008676   0x0000001c   Code   RO         1035    .text               mc_w.l(strcmp.o)
    0x08008692   0x08008692   0x00000012   Code   RO         1037    .text               mc_w.l(strcpy.o)
    0x080086a4   0x080086a4   0x0000007c   Code   RO         1302    .text               mf_w.l(fdiv.o)
    0x08008720   0x08008720   0x0000014e   Code   RO         1304    .text               mf_w.l(dadd.o)
    0x0800886e   0x0800886e   0x000000e4   Code   RO         1306    .text               mf_w.l(dmul.o)
    0x08008952   0x08008952   0x000000de   Code   RO         1308    .text               mf_w.l(ddiv.o)
    0x08008a30   0x08008a30   0x00000012   Code   RO         1310    .text               mf_w.l(fflti.o)
    0x08008a42   0x08008a42   0x0000000a   Code   RO         1312    .text               mf_w.l(ffltui.o)
    0x08008a4c   0x08008a4c   0x0000001a   Code   RO         1316    .text               mf_w.l(dfltui.o)
    0x08008a66   0x08008a66   0x00000026   Code   RO         1318    .text               mf_w.l(f2d.o)
    0x08008a8c   0x08008a8c   0x00000038   Code   RO         1320    .text               mf_w.l(d2f.o)
    0x08008ac4   0x08008ac4   0x0000002c   Code   RO         1336    .text               mc_w.l(uidiv.o)
    0x08008af0   0x08008af0   0x00000062   Code   RO         1338    .text               mc_w.l(uldiv.o)
    0x08008b52   0x08008b52   0x0000001e   Code   RO         1340    .text               mc_w.l(llshl.o)
    0x08008b70   0x08008b70   0x00000024   Code   RO         1342    .text               mc_w.l(llsshr.o)
    0x08008b94   0x08008b94   0x0000000c   Code   RO         1344    .text               mc_w.l(localtime_w.o)
    0x08008ba0   0x08008ba0   0x0000008c   Code   RO         1347    .text               mc_w.l(localtime_i.o)
    0x08008c2c   0x08008c2c   0x00000000   Code   RO         1350    .text               mc_w.l(iusefp.o)
    0x08008c2c   0x08008c2c   0x0000006e   Code   RO         1351    .text               mf_w.l(fepilogue.o)
    0x08008c9a   0x08008c9a   0x000000ba   Code   RO         1353    .text               mf_w.l(depilogue.o)
    0x08008d54   0x08008d54   0x00000030   Code   RO         1355    .text               mf_w.l(dfixul.o)
    0x08008d84   0x08008d84   0x00000030   Code   RO         1357    .text               mf_w.l(cdrcmple.o)
    0x08008db4   0x08008db4   0x00000024   Code   RO         1359    .text               mc_w.l(init.o)
    0x08008dd8   0x08008dd8   0x00000020   Code   RO         1361    .text               mc_w.l(llushr.o)
    0x08008df8   0x08008df8   0x00000056   Code   RO         1371    .text               mc_w.l(__dczerorl2.o)
    0x08008e4e   0x08008e4e   0x00000002   PAD
    0x08008e50   0x08008e50   0x00000028   Code   RO         1276    i.__0sprintf        mc_w.l(printfa.o)
    0x08008e78   0x08008e78   0x00000024   Code   RO         1280    i.__0vsprintf       mc_w.l(printfa.o)
    0x08008e9c   0x08008e9c   0x0000000e   Code   RO         1365    i.__scatterload_copy  mc_w.l(handlers.o)
    0x08008eaa   0x08008eaa   0x00000002   Code   RO         1366    i.__scatterload_null  mc_w.l(handlers.o)
    0x08008eac   0x08008eac   0x0000000e   Code   RO         1367    i.__scatterload_zeroinit  mc_w.l(handlers.o)
    0x08008eba   0x08008eba   0x00000002   PAD
    0x08008ebc   0x08008ebc   0x00000184   Code   RO         1281    i._fp_digits        mc_w.l(printfa.o)
    0x08009040   0x08009040   0x000006dc   Code   RO         1282    i._printf_core      mc_w.l(printfa.o)
    0x0800971c   0x0800971c   0x00000024   Code   RO         1283    i._printf_post_padding  mc_w.l(printfa.o)
    0x08009740   0x08009740   0x0000002e   Code   RO         1284    i._printf_pre_padding  mc_w.l(printfa.o)
    0x0800976e   0x0800976e   0x0000000a   Code   RO         1286    i._sputc            mc_w.l(printfa.o)
    0x08009778   0x08009778   0x000005f0   Data   RO          331    .constdata          oled.o
    0x08009d68   0x08009d68   0x0000002c   Data   RO          981    .constdata          ff.o
    0x08009d94   0x08009d94   0x0000000c   Data   RO         1023    .constdata          mc_w.l(mktime.o)
    0x08009da0   0x08009da0   0x0000000c   Data   RO         1348    .constdata          mc_w.l(localtime_i.o)
    0x08009dac   0x08009dac   0x00000451   Data   RO          374    .conststring        bc26.o
    0x0800a1fd   0x0800a1fd   0x00000003   PAD
    0x0800a200   0x0800a200   0x000000be   Data   RO          410    .conststring        sd.o
    0x0800a2be   0x0800a2be   0x00000002   PAD
    0x0800a2c0   0x0800a2c0   0x00000064   Data   RO          926    .conststring        exfuns.o
    0x0800a324   0x0800a324   0x00000020   Data   RO         1363    Region$$Table       anon$$obj.o


    Execution Region RW_IRAM1 (Exec base: 0x20000000, Load base: 0x0800a344, Size: 0x00003e08, Max: 0x00005000, ABSOLUTE, COMPRESSED[0x00000098])

    Exec Addr    Load Addr    Size         Type   Attr      Idx    E Section Name        Object

    0x20000000   COMPRESSED   0x00000058   Data   RW            3    .data               main.o
    0x20000058   COMPRESSED   0x00000014   Data   RW          209    .data               system_stm32f10x.o
    0x2000006c   COMPRESSED   0x00000002   Data   RW          350    .data               countsensor.o
    0x2000006e   COMPRESSED   0x00000002   PAD
    0x20000070   COMPRESSED   0x00000014   Data   RW          375    .data               bc26.o
    0x20000084   COMPRESSED   0x00000001   Data   RW          436    .data               mmc_sd.o
    0x20000085   COMPRESSED   0x00000002   Data   RW          500    .data               serial.o
    0x20000087   COMPRESSED   0x00000001   PAD
    0x20000088   COMPRESSED   0x00000004   Data   RW          538    .data               delay.o
    0x2000008c   COMPRESSED   0x0000000c   Data   RW          587    .data               myrtc.o
    0x20000098   COMPRESSED   0x00000014   Data   RW          818    .data               stm32f10x_rcc.o
    0x200000ac   COMPRESSED   0x00000154   Data   RW          927    .data               exfuns.o
    0x20000200   COMPRESSED   0x00000002   Data   RW          955    .data               diskio.o
    0x20000202   COMPRESSED   0x00000002   PAD
    0x20000204   COMPRESSED   0x0000000a   Data   RW          982    .data               ff.o
    0x2000020e   COMPRESSED   0x00000002   PAD
    0x20000210   COMPRESSED   0x00000014   Data   RW          998    .data               malloc.o
    0x20000224   COMPRESSED   0x00000004   PAD
    0x20000228        -       0x00000380   Zero   RW            2    .bss                main.o
    0x200005a8        -       0x000000e0   Zero   RW          273    .bss                modbus.o
    0x20000688        -       0x0000000a   Zero   RW          349    .bss                countsensor.o
    0x20000692        -       0x0000057b   Zero   RW          373    .bss                bc26.o
    0x20000c0d   COMPRESSED   0x00000001   PAD
    0x20000c0e        -       0x00000012   Zero   RW          457    .bss                spi.o
    0x20000c20        -       0x0000000a   Zero   RW          472    .bss                data.o
    0x20000c2a   COMPRESSED   0x00000002   PAD
    0x20000c2c        -       0x0000032c   Zero   RW          564    .bss                usart.o
    0x20000f58        -       0x00002a80   Zero   RW          996    .bss                malloc.o
    0x200039d8        -       0x0000002c   Zero   RW         1345    .bss                mc_w.l(localtime_w.o)
    0x20003a04   COMPRESSED   0x00000004   PAD
    0x20003a08        -       0x00000400   Zero   RW          615    STACK               startup_stm32f10x_md.o


==============================================================================

Image component sizes


      Code (inc. data)   RO Data    RW Data    ZI Data      Debug   Object Name

      3436        704       1105         20       1403      22644   bc26.o
         0          0          0          0          0         32   core_cm3.o
       436         24          0          2         10       2587   countsensor.o
      1348        194          0          0         10       2427   data.o
       212         18          0          4          0       1315   delay.o
       400         10          0          2          0       4838   diskio.o
       408         20        100        340          0       5688   exfuns.o
     11004        128         44         10          0      30262   ff.o
       200          6          0          0          0       1560   kalman.o
       128         14          0          0          0        796   led.o
      1772        288          0         88        896     266564   main.o
       416          6          0         20      10880       4553   malloc.o
       220         22          0          0          0       3825   misc.o
      1324         24          0          1          0       6294   mmc_sd.o
         0          0          0          0        224       1884   modbus.o
       196          8          0          0          0        992   modbus_timer.o
       256          4          0         12          0       2883   myrtc.o
      1094         10       1520          0          0       5647   oled.o
         0          0          0          0          0     205980   rs485.o
       356         46        190          0          0        953   sd.o
       500         24          0          2          0       6039   serial.o
       224         12          0          0         18       1577   spi.o
        36          8        236          0       1024        888   startup_stm32f10x_md.o
       196          8          0          0          0       3720   stm32f10x_bkp.o
       284         10          0          0          0       4771   stm32f10x_exti.o
       860         38          0          0          0      14437   stm32f10x_gpio.o
        26          0          0          0          0       1322   stm32f10x_it.o
        64          6          0          0          0       1393   stm32f10x_iwdg.o
       204         14          0          0          0       2071   stm32f10x_pwr.o
       932         36          0         20          0      18128   stm32f10x_rcc.o
       328          4          0          0          0       2842   stm32f10x_rtc.o
       780         14          0          0          0      13866   stm32f10x_spi.o
      3610         88          0          0          0      43532   stm32f10x_tim.o
      1032         22          0          0          0      14844   stm32f10x_usart.o
        12          0          0          0          0        593   sys.o
       480         38          0         20          0       2163   system_stm32f10x.o
       126          0          0          0          0        717   timer.o
       944         26          0          0        812       8014   usart.o

    ----------------------------------------------------------------------
     33852       1874       3232        548      15284     712641   Object Totals
         0          0         32          0          0          0   (incl. Generated)
         8          0          5          7          7          0   (incl. Padding)

    ----------------------------------------------------------------------

      Code (inc. data)   RO Data    RW Data    ZI Data      Debug   Library Member Name

        86          0          0          0          0          0   __dczerorl2.o
         0          0          0          0          0          0   entry.o
         0          0          0          0          0          0   entry10a.o
         0          0          0          0          0          0   entry11a.o
         8          4          0          0          0          0   entry2.o
         4          0          0          0          0          0   entry5.o
         0          0          0          0          0          0   entry7b.o
         0          0          0          0          0          0   entry8b.o
         8          4          0          0          0          0   entry9a.o
        30          0          0          0          0          0   handlers.o
        36          8          0          0          0         68   init.o
         0          0          0          0          0          0   iusefp.o
        30          0          0          0          0         68   llshl.o
        36          0          0          0          0         68   llsshr.o
        32          0          0          0          0         68   llushr.o
       140          6         12          0          0         76   localtime_i.o
        12          6          0          0         44         68   localtime_w.o
        36          0          0          0          0         68   memcpya.o
        36          0          0          0          0        108   memseta.o
       168         18         12          0          0         80   mktime.o
      2312         92          0          0          0        600   printfa.o
        24          0          0          0          0         68   strcat.o
        28          0          0          0          0         76   strcmp.o
        18          0          0          0          0         68   strcpy.o
        14          0          0          0          0         68   strlen.o
        36          0          0          0          0         80   strstr.o
        44          0          0          0          0         80   uidiv.o
        98          0          0          0          0         92   uldiv.o
        48          0          0          0          0         68   cdrcmple.o
        56          0          0          0          0         88   d2f.o
       334          0          0          0          0        148   dadd.o
       222          0          0          0          0        100   ddiv.o
       186          0          0          0          0        176   depilogue.o
        48          0          0          0          0         68   dfixul.o
        26          0          0          0          0         76   dfltui.o
       228          0          0          0          0         96   dmul.o
        38          0          0          0          0         68   f2d.o
       124          0          0          0          0         88   fdiv.o
       110          0          0          0          0        168   fepilogue.o
        18          0          0          0          0         68   fflti.o
        10          0          0          0          0         68   ffltui.o

    ----------------------------------------------------------------------
      4688        138         24          0         48       3084   Library Totals
         4          0          0          0          4          0   (incl. Padding)

    ----------------------------------------------------------------------

      Code (inc. data)   RO Data    RW Data    ZI Data      Debug   Library Name

      3236        138         24          0         44       1804   mc_w.l
      1448          0          0          0          0       1280   mf_w.l

    ----------------------------------------------------------------------
      4688        138         24          0         48       3084   Library Totals

    ----------------------------------------------------------------------

==============================================================================


      Code (inc. data)   RO Data    RW Data    ZI Data      Debug   

     38540       2012       3256        548      15332     711069   Grand Totals
     38540       2012       3256        152      15332     711069   ELF Image Totals (compressed)
     38540       2012       3256        152          0          0   ROM Totals

==============================================================================

    Total RO  Size (Code + RO Data)                41796 (  40.82kB)
    Total RW  Size (RW Data + ZI Data)             15880 (  15.51kB)
    Total ROM Size (Code + RO Data + RW Data)      41948 (  40.96kB)

==============================================================================

